[
  {
    "dosya": "8bbe8f0f-01.11.2023-21F2023000000007.pdf",
    "expected": {
      "fatura_numarasi": "ETIKETLENMIS",
      "fatura_tarihi": "ETIKETLENMIS",
      "fatura_tipi": "ETIKETLENMIS",
      "ettn": "ETIKETLENMIS",
      "satici_firma_unvani": "ETIKETLENMIS",
      "genel_toplam": "ETIKETLENMIS",
      "satici_telefon": "ETIKETLENMIS",
      "satici_email": "ETIKETLENMIS",
      "satici_vergi_dairesi": "ETIKETLENMIS",
      "satici_vergi_numarasi": "ETIKETLENMIS",
      "satici_web_sitesi": "ETIKETLENMIS",
      "satici_ticaret_sicil": "ETIKETLENMIS",
      "satici_mersis_no": "ETIKETLENMIS",
      "alici_firma_unvani": "ETIKETLENMIS",
      "alici_adres": "ETIKETLENMIS",
      "alici_telefon": "ETIKETLENMIS",
      "alici_musteri_no": "ETIKETLENMIS",
      "urun_aciklama": "ETIKETLENMIS",
      "urun_miktar": "ETIKETLENMIS",
      "birim_fiyat": "ETIKETLENMIS",
      "toplam_iskonto": "ETIKETLENMIS",
      "hesaplanan_kdv": "ETIKETLENMIS",
      "vergiler_dahil_toplam": "ETIKETLENMIS",
      "odeme_sekli": "ETIKETLENMIS"
    }
  },
  {
    "dosya": "1f17e80d-01.11.2023-21F2023000000008.pdf",
    "expected": {
      "fatura_numarasi": "ETIKETLENMIS",
      "fatura_tarihi": "ETIKETLENMIS",
      "fatura_tipi": "ETIKETLENMIS",
      "ettn": "ETIKETLENMIS",
      "satici_firma_unvani": "ETIKETLENMIS",
      "satici_adres": "ETIKETLENMIS",
      "satici_telefon": "ETIKETLENMIS",
      "satici_email": "ETIKETLENMIS",
      "satici_vergi_dairesi": "ETIKETLENMIS",
      "satici_vergi_numarasi": "ETIKETLENMIS",
      "satici_web_sitesi": "ETIKETLENMIS",
      "satici_ticaret_sicil": "ETIKETLENMIS",
      "satici_mersis_no": "ETIKETLENMIS",
      "alici_firma_unvani": "ETIKETLENMIS",
      "alici_adres": "ETIKETLENMIS",
      "alici_telefon": "ETIKETLENMIS",
      "alici_musteri_no": "ETIKETLENMIS",
      "urun_aciklama": "ETIKETLENMIS",
      "urun_miktar": "ETIKETLENMIS",
      "birim_fiyat": "ETIKETLENMIS",
      "kdv_orani": "ETIKETLENMIS",
      "toplam_iskonto": "ETIKETLENMIS",
      "hesaplanan_kdv": "ETIKETLENMIS"
    }
  },
  {
    "dosya": "1addf1dd-01.11.2023-21F2023000000009.pdf",
    "expected": {
      "fatura_numarasi": "ETIKETLENMIS",
      "fatura_tarihi": "ETIKETLENMIS",
      "fatura_tipi": "ETIKETLENMIS",
      "ettn": "ETIKETLENMIS",
      "satici_firma_unvani": "ETIKETLENMIS",
      "satici_adres": "ETIKETLENMIS",
      "satici_telefon": "ETIKETLENMIS",
      "satici_vergi_dairesi": "ETIKETLENMIS",
      "satici_web_sitesi": "ETIKETLENMIS",
      "satici_ticaret_sicil": "ETIKETLENMIS",
      "satici_mersis_no": "ETIKETLENMIS",
      "alici_firma_unvani": "ETIKETLENMIS",
      "alici_adres": "ETIKETLENMIS",
      "alici_telefon": "ETIKETLENMIS",
      "urun_aciklama": "ETIKETLENMIS",
      "urun_miktar": "ETIKETLENMIS",
      "birim_fiyat": "ETIKETLENMIS",
      "kdv_orani": "ETIKETLENMIS",
      "toplam_iskonto": "ETIKETLENMIS",
      "hesaplanan_kdv": "ETIKETLENMIS",
      "vergiler_dahil_toplam": "ETIKETLENMIS",
      "genel_toplam": "ETIKETLENMIS"
    }
  },
  {
    "dosya": "0d812ef7-01.11.2023-21F2023000000010.pdf",
    "expected": {
      "fatura_numarasi": "ETIKETLENMIS",
      "fatura_tarihi": "ETIKETLENMIS",
      "fatura_tipi": "ETIKETLENMIS",
      "ettn": "ETIKETLENMIS",
      "satici_firma_unvani": "ETIKETLENMIS",
      "satici_adres": "ETIKETLENMIS",
      "satici_telefon": "ETIKETLENMIS",
      "satici_email": "ETIKETLENMIS",
      "satici_vergi_dairesi": "ETIKETLENMIS",
      "satici_vergi_numarasi": "ETIKETLENMIS",
      "satici_web_sitesi": "ETIKETLENMIS",
      "satici_ticaret_sicil": "ETIKETLENMIS",
      "satici_mersis_no": "ETIKETLENMIS",
      "alici_firma_unvani": "ETIKETLENMIS",
      "alici_adres": "ETIKETLENMIS",
      "alici_telefon": "ETIKETLENMIS",
      "urun_aciklama": "ETIKETLENMIS",
      "urun_miktar": "ETIKETLENMIS",
      "kdv_orani": "ETIKETLENMIS",
      "toplam_iskonto": "ETIKETLENMIS",
      "hesaplanan_kdv": "ETIKETLENMIS",
      "vergiler_dahil_toplam": "ETIKETLENMIS",
      "genel_toplam": "ETIKETLENMIS"
    }
  },
  {
    "dosya": "918e3399-01.11.2023-21F2023000000011.pdf",
    "expected": {
      "fatura_numarasi": "ETIKETLENMIS",
      "fatura_tarihi": "ETIKETLENMIS",
      "fatura_tipi": "ETIKETLENMIS",
      "ettn": "ETIKETLENMIS",
      "satici_firma_unvani": "ETIKETLENMIS",
      "satici_adres": "ETIKETLENMIS",
      "satici_telefon": "ETIKETLENMIS",
      "satici_email": "ETIKETLENMIS",
      "satici_vergi_dairesi": "ETIKETLENMIS",
      "satici_vergi_numarasi": "ETIKETLENMIS",
      "satici_web_sitesi": "ETIKETLENMIS",
      "satici_ticaret_sicil": "ETIKETLENMIS",
      "satici_mersis_no": "ETIKETLENMIS",
      "alici_firma_unvani": "ETIKETLENMIS",
      "alici_adres": "ETIKETLENMIS",
      "alici_telefon": "ETIKETLENMIS",
      "alici_musteri_no": "ETIKETLENMIS",
      "urun_aciklama": "ETIKETLENMIS",
      "urun_miktar": "ETIKETLENMIS",
      "birim_fiyat": "ETIKETLENMIS",
      "kdv_orani": "ETIKETLENMIS",
      "toplam_iskonto": "ETIKETLENMIS",
      "hesaplanan_kdv": "ETIKETLENMIS",
      "vergiler_dahil_toplam": "ETIKETLENMIS",
      "genel_toplam": "ETIKETLENMIS"
    }
  },
  {
    "dosya": "a01d80fa-01.12.2023-3012023000004400.pdf",
    "expected": {
      "fatura_numarasi": "ETIKETLENMIS",
      "fatura_tarihi": "ETIKETLENMIS",
      "fatura_tipi": "ETIKETLENMIS",
      "ettn": "ETIKETLENMIS",
      "satici_firma_unvani": "ETIKETLENMIS",
      "satici_adres": "ETIKETLENMIS",
      "satici_vergi_dairesi": "ETIKETLENMIS",
      "satici_vergi_numarasi": "ETIKETLENMIS",
      "satici_web_sitesi": "ETIKETLENMIS",
      "satici_ticaret_sicil": "ETIKETLENMIS",
      "satici_mersis_no": "ETIKETLENMIS",
      "alici_firma_unvani": "ETIKETLENMIS",
      "alici_adres": "ETIKETLENMIS",
      "urun_aciklama": "ETIKETLENMIS",
      "birim_fiyat": "ETIKETLENMIS",
      "kdv_orani": "ETIKETLENMIS",
      "mal_hizmet_toplam": "ETIKETLENMIS",
      "genel_toplam": "ETIKETLENMIS"
    }
  },
  {
    "dosya": "807a031c-02.05.2024-A092024000000007.pdf",
    "expected": {
      "fatura_numarasi": "ETIKETLENMIS",
      "fatura_tarihi": "ETIKETLENMIS",
      "fatura_tipi": "ETIKETLENMIS",
      "ettn": "ETIKETLENMIS",
      "satici_firma_unvani": "ETIKETLENMIS",
      "satici_adres": "ETIKETLENMIS",
      "satici_email": "ETIKETLENMIS",
      "satici_vergi_dairesi": "ETIKETLENMIS",
      "satici_vergi_numarasi": "ETIKETLENMIS",
      "satici_web_sitesi": "ETIKETLENMIS",
      "satici_ticaret_sicil": "ETIKETLENMIS",
      "satici_mersis_no": "ETIKETLENMIS",
      "alici_firma_unvani": "ETIKETLENMIS",
      "alici_adres": "ETIKETLENMIS",
      "alici_musteri_no": "ETIKETLENMIS",
      "urun_aciklama": "ETIKETLENMIS",
      "urun_miktar": "ETIKETLENMIS",
      "birim_fiyat": "ETIKETLENMIS",
      "urun_tutar": "ETIKETLENMIS",
      "kdv_orani": "ETIKETLENMIS",
      "mal_hizmet_toplam": "ETIKETLENMIS",
      "toplam_iskonto": "ETIKETLENMIS",
      "hesaplanan_kdv": "ETIKETLENMIS",
      "vergiler_dahil_toplam": "ETIKETLENMIS",
      "genel_toplam": "ETIKETLENMIS"
    }
  },
  {
    "dosya": "e9df5a80-02.05.2024-A092024000000008.pdf",
    "expected": {
      "fatura_numarasi": "ETIKETLENMIS",
      "fatura_tarihi": "ETIKETLENMIS",
      "fatura_tipi": "ETIKETLENMIS",
      "ettn": "ETIKETLENMIS",
      "genel_toplam": "ETIKETLENMIS",
      "satici_adres": "ETIKETLENMIS",
      "satici_email": "ETIKETLENMIS",
      "satici_vergi_dairesi": "ETIKETLENMIS",
      "satici_vergi_numarasi": "ETIKETLENMIS",
      "satici_web_sitesi": "ETIKETLENMIS",
      "satici_ticaret_sicil": "ETIKETLENMIS",
      "satici_mersis_no": "ETIKETLENMIS",
      "alici_firma_unvani": "ETIKETLENMIS",
      "alici_adres": "ETIKETLENMIS",
      "alici_tckn": "ETIKETLENMIS",
      "urun_aciklama": "ETIKETLENMIS",
      "urun_miktar": "ETIKETLENMIS",
      "urun_tutar": "ETIKETLENMIS",
      "kdv_orani": "ETIKETLENMIS",
      "toplam_iskonto": "ETIKETLENMIS",
      "mal_hizmet_toplam": "ETIKETLENMIS",
      "hesaplanan_kdv": "ETIKETLENMIS",
      "vergiler_dahil_toplam": "ETIKETLENMIS"
    }
  },
  {
    "dosya": "bab8bdb3-03.04.2023-2222023000000004.pdf",
    "expected": {
      "fatura_numarasi": "ETIKETLENMIS",
      "fatura_tarihi": "ETIKETLENMIS",
      "fatura_tipi": "ETIKETLENMIS",
      "ettn": "ETIKETLENMIS",
      "satici_firma_unvani": "ETIKETLENMIS",
      "satici_adres": "ETIKETLENMIS",
      "satici_vergi_dairesi": "ETIKETLENMIS",
      "satici_vergi_numarasi": "ETIKETLENMIS",
      "alici_firma_unvani": "ETIKETLENMIS",
      "alici_adres": "ETIKETLENMIS",
      "alici_telefon": "ETIKETLENMIS",
      "alici_musteri_no": "ETIKETLENMIS",
      "urun_aciklama": "ETIKETLENMIS",
      "urun_miktar": "ETIKETLENMIS",
      "birim_fiyat": "ETIKETLENMIS",
      "urun_tutar": "ETIKETLENMIS",
      "kdv_orani": "ETIKETLENMIS",
      "toplam_iskonto": "ETIKETLENMIS",
      "mal_hizmet_toplam": "ETIKETLENMIS",
      "hesaplanan_kdv": "ETIKETLENMIS",
      "genel_toplam": "ETIKETLENMIS"
    }
  },
  {
    "dosya": "e881b1ca-03.04.2023-2222023000000011.pdf",
    "expected": {
      "fatura_numarasi": "ETIKETLENMIS",
      "fatura_tarihi": "ETIKETLENMIS",
      "fatura_tipi": "ETIKETLENMIS",
      "ettn": "ETIKETLENMIS",
      "satici_firma_unvani": "ETIKETLENMIS",
      "satici_adres": "ETIKETLENMIS",
      "satici_vergi_numarasi": "ETIKETLENMIS",
      "satici_vergi_dairesi": "ETIKETLENMIS",
      "satici_ticaret_sicil": "ETIKETLENMIS",
      "alici_firma_unvani": "ETIKETLENMIS",
      "alici_adres": "ETIKETLENMIS",
      "alici_email": "ETIKETLENMIS",
      "alici_musteri_no": "ETIKETLENMIS",
      "urun_aciklama": "ETIKETLENMIS",
      "urun_miktar": "ETIKETLENMIS",
      "birim_fiyat": "ETIKETLENMIS",
      "urun_tutar": "ETIKETLENMIS",
      "kdv_orani": "ETIKETLENMIS",
      "toplam_iskonto": "ETIKETLENMIS",
      "hesaplanan_kdv": "ETIKETLENMIS",
      "vergiler_dahil_toplam": "ETIKETLENMIS",
      "genel_toplam": "ETIKETLENMIS",
      "satici_mersis_no": "ETIKETLENMIS"
    }
  }
]